hello world
55
3
6
9
global
nested function calls
